---
http_interactions:
- request:
    method: post
    uri: http://localhost:8114/
    body:
      encoding: UTF-8
      string: '{"id":1,"jsonrpc":"2.0","method":"get_block","params":["0xf3f9bd2db7ac50c6793a7d4972ac2114a282e63190a84fa95fda6a61b42f77a9"]}'
    headers:
      Accept-Encoding:
      - gzip;q=1.0,deflate;q=0.6,identity;q=0.3
      Accept:
      - "*/*"
      User-Agent:
      - Ruby
      Content-Type:
      - application/json
  response:
    status:
      code: 200
      message: OK
    headers:
      Server:
      - nginx/1.14.0 (Ubuntu)
      Date:
      - Wed, 15 May 2019 10:21:08 GMT
      Content-Type:
      - application/json; charset=utf-8
      Content-Length:
      - '1282'
      Connection:
      - keep-alive
    body:
      encoding: UTF-8
      string: '{"jsonrpc":"2.0","result":{"header":{"difficulty":"0x1000","epoch":"0","hash":"0xf3f9bd2db7ac50c6793a7d4972ac2114a282e63190a84fa95fda6a61b42f77a9","number":"8","parent_hash":"0x4a37d590b965ac5c21fc3943d03e854f01fbe60e47393d25f435cee6a322511f","proposals_hash":"0x0000000000000000000000000000000000000000000000000000000000000000","seal":{"nonce":"11511839471269556639","proof":"0x9209000042140000c820000009250000c03400004d380000163d00009d440000494a0000105e0000a868000015780000"},"timestamp":"1557849323715","transactions_root":"0x9929adde95dc305e7a8dccb3c35a5f911cd9ee723d9ac7f29341815c8bf17a58","uncles_count":"0","uncles_hash":"0x0000000000000000000000000000000000000000000000000000000000000000","version":"0","witnesses_root":"0x0000000000000000000000000000000000000000000000000000000000000000"},"proposals":[],"transactions":[{"deps":[],"hash":"0x9929adde95dc305e7a8dccb3c35a5f911cd9ee723d9ac7f29341815c8bf17a58","inputs":[{"previous_output":{"block_hash":null,"cell":null},"since":"0"}],"outputs":[{"capacity":"5000000000000","data":"0x","lock":{"args":["0xd074c75f81e7f462066498e71c93a476a07d8033"],"code_hash":"0x28e83a1277d48add8e72fadaa9248559e1b632bab2bd60b27955ebc4c03800a5"},"type":null}],"version":"0","witnesses":[]}],"uncles":[]},"id":1}

'
    http_version:
  recorded_at: Wed, 15 May 2019 10:21:08 GMT
- request:
    method: post
    uri: http://localhost:8114/
    body:
      encoding: UTF-8
      string: '{"id":1,"jsonrpc":"2.0","method":"get_epoch_by_number","params":["0"]}'
    headers:
      Accept-Encoding:
      - gzip;q=1.0,deflate;q=0.6,identity;q=0.3
      Accept:
      - "*/*"
      User-Agent:
      - Ruby
      Content-Type:
      - application/json
  response:
    status:
      code: 200
      message: OK
    headers:
      Server:
      - nginx/1.14.0 (Ubuntu)
      Date:
      - Wed, 15 May 2019 10:21:08 GMT
      Content-Type:
      - application/json; charset=utf-8
      Content-Length:
      - '265'
      Connection:
      - keep-alive
    body:
      encoding: UTF-8
      string: '{"jsonrpc":"2.0","result":{"block_reward":"5000000000000","difficulty":"0x1000","last_block_hash_in_previous_epoch":"0x0000000000000000000000000000000000000000000000000000000000000000","length":"1000","number":"0","remainder_reward":"0","start_number":"0"},"id":1}

'
    http_version:
  recorded_at: Wed, 15 May 2019 10:21:08 GMT
- request:
    method: post
    uri: http://localhost:8114/
    body:
      encoding: UTF-8
      string: '{"id":1,"jsonrpc":"2.0","method":"get_epoch_by_number","params":["0"]}'
    headers:
      Accept-Encoding:
        - gzip;q=1.0,deflate;q=0.6,identity;q=0.3
      Accept:
        - "*/*"
      User-Agent:
        - Ruby
      Content-Type:
        - application/json
  response:
    status:
      code: 200
      message: OK
    headers:
      Server:
        - nginx/1.14.0 (Ubuntu)
      Date:
        - Wed, 15 May 2019 10:04:54 GMT
      Content-Type:
        - application/json; charset=utf-8
      Content-Length:
        - '265'
      Connection:
        - keep-alive
    body:
      encoding: UTF-8
      string: '{"jsonrpc":"2.0","result":{"block_reward":"5000000000000","difficulty":"0x1000","last_block_hash_in_previous_epoch":"0x0000000000000000000000000000000000000000000000000000000000000000","length":"1000","number":"0","remainder_reward":"0","start_number":"0"},"id":1}

'
    http_version:
  recorded_at: Wed, 15 May 2019 10:04:54 GMT
recorded_with: VCR 4.0.0
